2026-06-08 17:51:45,276 - INFO - Looking for config file at: C:\Users\Jonathan\EazyOS\OS\boot\safemode\OS\eazyos_config.json
2026-06-08 17:51:45,276 - INFO - Config file found, loading...
2026-06-08 17:51:45,277 - INFO - Loaded configuration: {'theme': {'type': 'color', 'color': '#000000', 'wallpaper': None, 'taskbar_color': '#c0c0c0', 'window_title_color': '#000080'}, 'system': {'startup_sound': 'false', 'enable_sounds': 'false', 'show_clock': 'true', 'auto_hide_windows_taskbar': 'true'}}
2026-06-08 17:51:45,277 - WARNING - BIOS system file not found: bios.py
2026-06-08 17:51:45,292 - INFO - Looking for config file at: C:\Users\Jonathan\EazyOS\OS\boot\safemode\OS\eazyos_config.json
2026-06-08 17:51:45,292 - INFO - Config file found, loading...
2026-06-08 17:51:45,293 - INFO - Loaded configuration: {'theme': {'type': 'color', 'color': '#000000', 'wallpaper': None, 'taskbar_color': '#c0c0c0', 'window_title_color': '#000080'}, 'system': {'startup_sound': 'false', 'enable_sounds': 'false', 'show_clock': 'true', 'auto_hide_windows_taskbar': 'true'}}
2026-06-08 17:51:45,294 - INFO - Windows taskbar hidden
2026-06-08 17:51:45,294 - INFO - System settings applied: sounds=False, clock=True, auto_hide_taskbar=True
2026-06-08 17:51:45,295 - INFO - Looking for config file at: C:\Users\Jonathan\EazyOS\OS\boot\safemode\OS\eazyos_config.json
2026-06-08 17:51:45,295 - INFO - Config file found, loading...
2026-06-08 17:51:45,295 - INFO - Loaded configuration: {'theme': {'type': 'color', 'color': '#000000', 'wallpaper': None, 'taskbar_color': '#c0c0c0', 'window_title_color': '#000080'}, 'system': {'startup_sound': 'false', 'enable_sounds': 'false', 'show_clock': 'true', 'auto_hide_windows_taskbar': 'true'}}
2026-06-08 17:51:45,296 - INFO - EazyOS Desktop initialized successfully
2026-06-08 17:51:45,393 - INFO - Loading saved theme...
2026-06-08 17:51:45,393 - INFO - Looking for config file at: C:\Users\Jonathan\EazyOS\OS\boot\safemode\OS\eazyos_config.json
2026-06-08 17:51:45,393 - INFO - Config file found, loading...
2026-06-08 17:51:45,393 - INFO - Loaded configuration: {'theme': {'type': 'color', 'color': '#000000', 'wallpaper': None, 'taskbar_color': '#c0c0c0', 'window_title_color': '#000080'}, 'system': {'startup_sound': 'false', 'enable_sounds': 'false', 'show_clock': 'true', 'auto_hide_windows_taskbar': 'true'}}
2026-06-08 17:51:45,394 - INFO - Applied background color: #000000
2026-06-08 17:51:45,394 - INFO - apply_from_config: type=color, taskbar=#c0c0c0, title_bar=#000080
2026-06-08 17:51:54,257 - INFO - Windows taskbar restored
2026-06-10 06:58:48,966 - INFO - Looking for config file at: C:\Users\Jonathan\EazyOS\OS\boot\safemode\OS\eazyos_config.json
2026-06-10 06:58:48,998 - INFO - Config file found, loading...
2026-06-10 06:58:49,001 - INFO - Loaded configuration: {'theme': {'type': 'color', 'color': '#000000', 'wallpaper': None, 'taskbar_color': '#c0c0c0', 'window_title_color': '#000080'}, 'system': {'startup_sound': 'false', 'enable_sounds': 'false', 'show_clock': 'true', 'auto_hide_windows_taskbar': 'true'}}
2026-06-10 06:58:49,003 - WARNING - BIOS system file not found: bios.py
2026-06-10 06:58:49,019 - INFO - Looking for config file at: C:\Users\Jonathan\EazyOS\OS\boot\safemode\OS\eazyos_config.json
2026-06-10 06:58:49,021 - INFO - Config file found, loading...
2026-06-10 06:58:49,024 - INFO - Loaded configuration: {'theme': {'type': 'color', 'color': '#000000', 'wallpaper': None, 'taskbar_color': '#c0c0c0', 'window_title_color': '#000080'}, 'system': {'startup_sound': 'false', 'enable_sounds': 'false', 'show_clock': 'true', 'auto_hide_windows_taskbar': 'true'}}
2026-06-10 06:58:49,028 - INFO - Windows taskbar hidden
2026-06-10 06:58:49,031 - INFO - System settings applied: sounds=False, clock=True, auto_hide_taskbar=True
2026-06-10 06:58:49,033 - INFO - Looking for config file at: C:\Users\Jonathan\EazyOS\OS\boot\safemode\OS\eazyos_config.json
2026-06-10 06:58:49,035 - INFO - Config file found, loading...
2026-06-10 06:58:49,039 - INFO - Loaded configuration: {'theme': {'type': 'color', 'color': '#000000', 'wallpaper': None, 'taskbar_color': '#c0c0c0', 'window_title_color': '#000080'}, 'system': {'startup_sound': 'false', 'enable_sounds': 'false', 'show_clock': 'true', 'auto_hide_windows_taskbar': 'true'}}
2026-06-10 06:58:49,041 - INFO - EazyOS Desktop initialized successfully
2026-06-10 06:58:49,126 - INFO - Loading saved theme...
2026-06-10 06:58:49,180 - INFO - Looking for config file at: C:\Users\Jonathan\EazyOS\OS\boot\safemode\OS\eazyos_config.json
2026-06-10 06:58:49,206 - INFO - Config file found, loading...
2026-06-10 06:58:49,228 - INFO - Loaded configuration: {'theme': {'type': 'color', 'color': '#000000', 'wallpaper': None, 'taskbar_color': '#c0c0c0', 'window_title_color': '#000080'}, 'system': {'startup_sound': 'false', 'enable_sounds': 'false', 'show_clock': 'true', 'auto_hide_windows_taskbar': 'true'}}
2026-06-10 06:58:49,255 - INFO - Applied background color: #000000
2026-06-10 06:58:49,272 - INFO - apply_from_config: type=color, taskbar=#c0c0c0, title_bar=#000080
2026-06-10 06:59:50,411 - INFO - Windows taskbar restored
2026-06-10 06:59:54,603 - INFO - Looking for config file at: C:\Users\Jonathan\EazyOS\OS\boot\safemode\OS\eazyos_config.json
2026-06-10 06:59:54,603 - INFO - Config file found, loading...
2026-06-10 06:59:54,604 - INFO - Loaded configuration: {'theme': {'type': 'color', 'color': '#000000', 'wallpaper': None, 'taskbar_color': '#c0c0c0', 'window_title_color': '#000080'}, 'system': {'startup_sound': 'false', 'enable_sounds': 'false', 'show_clock': 'true', 'auto_hide_windows_taskbar': 'true'}}
2026-06-10 06:59:54,604 - WARNING - BIOS system file not found: bios.py
2026-06-10 06:59:54,617 - INFO - Looking for config file at: C:\Users\Jonathan\EazyOS\OS\boot\safemode\OS\eazyos_config.json
2026-06-10 06:59:54,618 - INFO - Config file found, loading...
2026-06-10 06:59:54,618 - INFO - Loaded configuration: {'theme': {'type': 'color', 'color': '#000000', 'wallpaper': None, 'taskbar_color': '#c0c0c0', 'window_title_color': '#000080'}, 'system': {'startup_sound': 'false', 'enable_sounds': 'false', 'show_clock': 'true', 'auto_hide_windows_taskbar': 'true'}}
2026-06-10 06:59:54,619 - INFO - Windows taskbar hidden
2026-06-10 06:59:54,619 - INFO - System settings applied: sounds=False, clock=True, auto_hide_taskbar=True
2026-06-10 06:59:54,620 - INFO - Looking for config file at: C:\Users\Jonathan\EazyOS\OS\boot\safemode\OS\eazyos_config.json
2026-06-10 06:59:54,620 - INFO - Config file found, loading...
2026-06-10 06:59:54,620 - INFO - Loaded configuration: {'theme': {'type': 'color', 'color': '#000000', 'wallpaper': None, 'taskbar_color': '#c0c0c0', 'window_title_color': '#000080'}, 'system': {'startup_sound': 'false', 'enable_sounds': 'false', 'show_clock': 'true', 'auto_hide_windows_taskbar': 'true'}}
2026-06-10 06:59:54,620 - INFO - EazyOS Desktop initialized successfully
2026-06-10 06:59:54,720 - INFO - Loading saved theme...
2026-06-10 06:59:54,720 - INFO - Looking for config file at: C:\Users\Jonathan\EazyOS\OS\boot\safemode\OS\eazyos_config.json
2026-06-10 06:59:54,720 - INFO - Config file found, loading...
2026-06-10 06:59:54,721 - INFO - Loaded configuration: {'theme': {'type': 'color', 'color': '#000000', 'wallpaper': None, 'taskbar_color': '#c0c0c0', 'window_title_color': '#000080'}, 'system': {'startup_sound': 'false', 'enable_sounds': 'false', 'show_clock': 'true', 'auto_hide_windows_taskbar': 'true'}}
2026-06-10 06:59:54,723 - INFO - Applied background color: #000000
2026-06-10 06:59:54,724 - INFO - apply_from_config: type=color, taskbar=#c0c0c0, title_bar=#000080
2026-06-10 07:00:36,349 - INFO - Windows taskbar restored
2026-06-10 07:00:40,637 - INFO - Windows taskbar restored
2026-06-10 07:01:13,616 - INFO - Looking for config file at: C:\Users\Jonathan\EazyOS\OS\boot\safemode\OS\eazyos_config.json
2026-06-10 07:01:13,623 - INFO - Config file found, loading...
2026-06-10 07:01:13,628 - INFO - Loaded configuration: {'theme': {'type': 'color', 'color': '#000000', 'wallpaper': None, 'taskbar_color': '#c0c0c0', 'window_title_color': '#000080'}, 'system': {'startup_sound': 'false', 'enable_sounds': 'false', 'show_clock': 'true', 'auto_hide_windows_taskbar': 'true'}}
2026-06-10 07:01:13,633 - WARNING - BIOS system file not found: bios.py
2026-06-10 07:01:13,650 - INFO - Looking for config file at: C:\Users\Jonathan\EazyOS\OS\boot\safemode\OS\eazyos_config.json
2026-06-10 07:01:13,654 - INFO - Config file found, loading...
2026-06-10 07:01:13,659 - INFO - Loaded configuration: {'theme': {'type': 'color', 'color': '#000000', 'wallpaper': None, 'taskbar_color': '#c0c0c0', 'window_title_color': '#000080'}, 'system': {'startup_sound': 'false', 'enable_sounds': 'false', 'show_clock': 'true', 'auto_hide_windows_taskbar': 'true'}}
2026-06-10 07:01:13,665 - INFO - Windows taskbar hidden
2026-06-10 07:01:13,671 - INFO - System settings applied: sounds=False, clock=True, auto_hide_taskbar=True
2026-06-10 07:01:13,675 - INFO - Looking for config file at: C:\Users\Jonathan\EazyOS\OS\boot\safemode\OS\eazyos_config.json
2026-06-10 07:01:13,679 - INFO - Config file found, loading...
2026-06-10 07:01:13,683 - INFO - Loaded configuration: {'theme': {'type': 'color', 'color': '#000000', 'wallpaper': None, 'taskbar_color': '#c0c0c0', 'window_title_color': '#000080'}, 'system': {'startup_sound': 'false', 'enable_sounds': 'false', 'show_clock': 'true', 'auto_hide_windows_taskbar': 'true'}}
2026-06-10 07:01:13,691 - INFO - EazyOS Desktop initialized successfully
2026-06-10 07:01:13,765 - INFO - Loading saved theme...
2026-06-10 07:01:13,804 - INFO - Looking for config file at: C:\Users\Jonathan\EazyOS\OS\boot\safemode\OS\eazyos_config.json
2026-06-10 07:01:13,811 - INFO - Config file found, loading...
2026-06-10 07:01:13,816 - INFO - Loaded configuration: {'theme': {'type': 'color', 'color': '#000000', 'wallpaper': None, 'taskbar_color': '#c0c0c0', 'window_title_color': '#000080'}, 'system': {'startup_sound': 'false', 'enable_sounds': 'false', 'show_clock': 'true', 'auto_hide_windows_taskbar': 'true'}}
2026-06-10 07:01:13,821 - INFO - Applied background color: #000000
2026-06-10 07:01:13,825 - INFO - apply_from_config: type=color, taskbar=#c0c0c0, title_bar=#000080
2026-06-10 07:01:44,110 - INFO - Windows taskbar restored
2026-06-10 07:01:47,588 - INFO - Looking for config file at: C:\Users\Jonathan\EazyOS\OS\boot\safemode\OS\eazyos_config.json
2026-06-10 07:01:47,588 - INFO - Config file found, loading...
2026-06-10 07:01:47,588 - INFO - Loaded configuration: {'theme': {'type': 'color', 'color': '#000000', 'wallpaper': None, 'taskbar_color': '#c0c0c0', 'window_title_color': '#000080'}, 'system': {'startup_sound': 'false', 'enable_sounds': 'false', 'show_clock': 'true', 'auto_hide_windows_taskbar': 'true'}}
2026-06-10 07:01:47,589 - WARNING - BIOS system file not found: bios.py
2026-06-10 07:01:47,602 - INFO - Looking for config file at: C:\Users\Jonathan\EazyOS\OS\boot\safemode\OS\eazyos_config.json
2026-06-10 07:01:47,602 - INFO - Config file found, loading...
2026-06-10 07:01:47,603 - INFO - Loaded configuration: {'theme': {'type': 'color', 'color': '#000000', 'wallpaper': None, 'taskbar_color': '#c0c0c0', 'window_title_color': '#000080'}, 'system': {'startup_sound': 'false', 'enable_sounds': 'false', 'show_clock': 'true', 'auto_hide_windows_taskbar': 'true'}}
2026-06-10 07:01:47,604 - INFO - Windows taskbar hidden
2026-06-10 07:01:47,604 - INFO - System settings applied: sounds=False, clock=True, auto_hide_taskbar=True
2026-06-10 07:01:47,605 - INFO - Looking for config file at: C:\Users\Jonathan\EazyOS\OS\boot\safemode\OS\eazyos_config.json
2026-06-10 07:01:47,605 - INFO - Config file found, loading...
2026-06-10 07:01:47,605 - INFO - Loaded configuration: {'theme': {'type': 'color', 'color': '#000000', 'wallpaper': None, 'taskbar_color': '#c0c0c0', 'window_title_color': '#000080'}, 'system': {'startup_sound': 'false', 'enable_sounds': 'false', 'show_clock': 'true', 'auto_hide_windows_taskbar': 'true'}}
2026-06-10 07:01:47,605 - INFO - EazyOS Desktop initialized successfully
2026-06-10 07:01:47,702 - INFO - Loading saved theme...
2026-06-10 07:01:47,703 - INFO - Looking for config file at: C:\Users\Jonathan\EazyOS\OS\boot\safemode\OS\eazyos_config.json
2026-06-10 07:01:47,703 - INFO - Config file found, loading...
2026-06-10 07:01:47,703 - INFO - Loaded configuration: {'theme': {'type': 'color', 'color': '#000000', 'wallpaper': None, 'taskbar_color': '#c0c0c0', 'window_title_color': '#000080'}, 'system': {'startup_sound': 'false', 'enable_sounds': 'false', 'show_clock': 'true', 'auto_hide_windows_taskbar': 'true'}}
2026-06-10 07:01:47,704 - INFO - Applied background color: #000000
2026-06-10 07:01:47,704 - INFO - apply_from_config: type=color, taskbar=#c0c0c0, title_bar=#000080
2026-06-10 07:01:54,229 - INFO - Windows taskbar restored
2026-06-10 07:05:14,602 - INFO - Looking for config file at: C:\Users\Jonathan\EazyOS\OS\boot\safemode\OS\eazyos_config.json
2026-06-10 07:05:14,608 - INFO - Config file found, loading...
2026-06-10 07:05:14,612 - INFO - Loaded configuration: {'theme': {'type': 'color', 'color': '#000000', 'wallpaper': None, 'taskbar_color': '#c0c0c0', 'window_title_color': '#000080'}, 'system': {'startup_sound': 'false', 'enable_sounds': 'false', 'show_clock': 'true', 'auto_hide_windows_taskbar': 'true'}}
2026-06-10 07:05:14,617 - WARNING - BIOS system file not found: bios.py
2026-06-10 07:05:14,633 - CRITICAL - Fatal error: 'Menu' object is not callable
Traceback (most recent call last):
  File "C:\Users\Jonathan\EazyOS\OS\boot\safemode\OS\OS.py", line 954, in <module>
    desktop = EazyOSDesktop()
  File "C:\Users\Jonathan\EazyOS\OS\boot\safemode\OS\OS.py", line 450, in __init__
    self._create_context_menu()
    ~~~~~~~~~~~~~~~~~~~~~~~~~^^
  File "C:\Users\Jonathan\EazyOS\OS\boot\safemode\OS\OS.py", line 793, in _create_context_menu
    self.context_menu(label="Internet Explorer", command=self._open_internet)
    ~~~~~~~~~~~~~~~~~^^^^^^^^^^^^^^^^^^^^^^^^^^^^^^^^^^^^^^^^^^^^^^^^^^^^^^^^
TypeError: 'Menu' object is not callable
2026-06-10 07:05:20,083 - WARNING - Sound file not found: media\DING.wav
2026-06-10 07:05:21,448 - WARNING - Sound file not found: media\shutdown.wav
2026-06-10 07:05:25,484 - INFO - Windows taskbar restored
2026-06-10 07:05:50,089 - INFO - Looking for config file at: C:\Users\Jonathan\EazyOS\OS\boot\safemode\OS\eazyos_config.json
2026-06-10 07:05:50,092 - INFO - Config file found, loading...
2026-06-10 07:05:50,094 - INFO - Loaded configuration: {'theme': {'type': 'color', 'color': '#000000', 'wallpaper': None, 'taskbar_color': '#c0c0c0', 'window_title_color': '#000080'}, 'system': {'startup_sound': 'false', 'enable_sounds': 'false', 'show_clock': 'true', 'auto_hide_windows_taskbar': 'true'}}
2026-06-10 07:05:50,097 - WARNING - BIOS system file not found: bios.py
2026-06-10 07:05:50,111 - INFO - Looking for config file at: C:\Users\Jonathan\EazyOS\OS\boot\safemode\OS\eazyos_config.json
2026-06-10 07:05:50,114 - INFO - Config file found, loading...
2026-06-10 07:05:50,116 - INFO - Loaded configuration: {'theme': {'type': 'color', 'color': '#000000', 'wallpaper': None, 'taskbar_color': '#c0c0c0', 'window_title_color': '#000080'}, 'system': {'startup_sound': 'false', 'enable_sounds': 'false', 'show_clock': 'true', 'auto_hide_windows_taskbar': 'true'}}
2026-06-10 07:05:50,120 - INFO - Windows taskbar hidden
2026-06-10 07:05:50,123 - INFO - System settings applied: sounds=False, clock=True, auto_hide_taskbar=True
2026-06-10 07:05:50,125 - INFO - Looking for config file at: C:\Users\Jonathan\EazyOS\OS\boot\safemode\OS\eazyos_config.json
2026-06-10 07:05:50,127 - INFO - Config file found, loading...
2026-06-10 07:05:50,129 - INFO - Loaded configuration: {'theme': {'type': 'color', 'color': '#000000', 'wallpaper': None, 'taskbar_color': '#c0c0c0', 'window_title_color': '#000080'}, 'system': {'startup_sound': 'false', 'enable_sounds': 'false', 'show_clock': 'true', 'auto_hide_windows_taskbar': 'true'}}
2026-06-10 07:05:50,131 - INFO - EazyOS Desktop initialized successfully
2026-06-10 07:05:50,211 - INFO - Loading saved theme...
2026-06-10 07:05:50,255 - INFO - Looking for config file at: C:\Users\Jonathan\EazyOS\OS\boot\safemode\OS\eazyos_config.json
2026-06-10 07:05:50,259 - INFO - Config file found, loading...
2026-06-10 07:05:50,263 - INFO - Loaded configuration: {'theme': {'type': 'color', 'color': '#000000', 'wallpaper': None, 'taskbar_color': '#c0c0c0', 'window_title_color': '#000080'}, 'system': {'startup_sound': 'false', 'enable_sounds': 'false', 'show_clock': 'true', 'auto_hide_windows_taskbar': 'true'}}
2026-06-10 07:05:50,267 - INFO - Applied background color: #000000
2026-06-10 07:05:50,271 - INFO - apply_from_config: type=color, taskbar=#c0c0c0, title_bar=#000080
2026-06-10 07:06:26,561 - INFO - Windows taskbar restored
2026-06-10 07:07:35,253 - INFO - Looking for config file at: C:\Users\Jonathan\EazyOS\OS\boot\safemode\OS\eazyos_config.json
2026-06-10 07:07:35,253 - INFO - Config file found, loading...
2026-06-10 07:07:35,254 - INFO - Loaded configuration: {'theme': {'type': 'color', 'color': '#000000', 'wallpaper': None, 'taskbar_color': '#c0c0c0', 'window_title_color': '#000080'}, 'system': {'startup_sound': 'false', 'enable_sounds': 'false', 'show_clock': 'true', 'auto_hide_windows_taskbar': 'true'}}
2026-06-10 07:07:35,254 - WARNING - BIOS system file not found: bios.py
2026-06-10 07:07:35,267 - INFO - Looking for config file at: C:\Users\Jonathan\EazyOS\OS\boot\safemode\OS\eazyos_config.json
2026-06-10 07:07:35,268 - INFO - Config file found, loading...
2026-06-10 07:07:35,268 - INFO - Loaded configuration: {'theme': {'type': 'color', 'color': '#000000', 'wallpaper': None, 'taskbar_color': '#c0c0c0', 'window_title_color': '#000080'}, 'system': {'startup_sound': 'false', 'enable_sounds': 'false', 'show_clock': 'true', 'auto_hide_windows_taskbar': 'true'}}
2026-06-10 07:07:35,269 - INFO - Windows taskbar hidden
2026-06-10 07:07:35,269 - INFO - System settings applied: sounds=False, clock=True, auto_hide_taskbar=True
2026-06-10 07:07:35,270 - INFO - Looking for config file at: C:\Users\Jonathan\EazyOS\OS\boot\safemode\OS\eazyos_config.json
2026-06-10 07:07:35,270 - INFO - Config file found, loading...
2026-06-10 07:07:35,270 - INFO - Loaded configuration: {'theme': {'type': 'color', 'color': '#000000', 'wallpaper': None, 'taskbar_color': '#c0c0c0', 'window_title_color': '#000080'}, 'system': {'startup_sound': 'false', 'enable_sounds': 'false', 'show_clock': 'true', 'auto_hide_windows_taskbar': 'true'}}
2026-06-10 07:07:35,270 - INFO - EazyOS Desktop initialized successfully
2026-06-10 07:07:35,374 - INFO - Loading saved theme...
2026-06-10 07:07:35,374 - INFO - Looking for config file at: C:\Users\Jonathan\EazyOS\OS\boot\safemode\OS\eazyos_config.json
2026-06-10 07:07:35,375 - INFO - Config file found, loading...
2026-06-10 07:07:35,375 - INFO - Loaded configuration: {'theme': {'type': 'color', 'color': '#000000', 'wallpaper': None, 'taskbar_color': '#c0c0c0', 'window_title_color': '#000080'}, 'system': {'startup_sound': 'false', 'enable_sounds': 'false', 'show_clock': 'true', 'auto_hide_windows_taskbar': 'true'}}
2026-06-10 07:07:35,376 - INFO - Applied background color: #000000
2026-06-10 07:07:35,376 - INFO - apply_from_config: type=color, taskbar=#c0c0c0, title_bar=#000080
2026-06-10 07:07:36,663 - INFO - Windows taskbar restored
2026-06-10 15:20:23,356 - INFO - Looking for config file at: C:\Users\Jonathan\EazyOS\OS\boot\safemode\OS\eazyos_config.json
2026-06-10 15:20:23,357 - INFO - Config file found, loading...
2026-06-10 15:20:23,357 - INFO - Loaded configuration: {'theme': {'type': 'color', 'color': '#000000', 'wallpaper': None, 'taskbar_color': '#c0c0c0', 'window_title_color': '#000080'}, 'system': {'startup_sound': 'false', 'enable_sounds': 'false', 'show_clock': 'true', 'auto_hide_windows_taskbar': 'true'}}
2026-06-10 15:20:23,358 - WARNING - BIOS system file not found: bios.py
2026-06-10 15:20:23,374 - INFO - Looking for config file at: C:\Users\Jonathan\EazyOS\OS\boot\safemode\OS\eazyos_config.json
2026-06-10 15:20:23,375 - INFO - Config file found, loading...
2026-06-10 15:20:23,375 - INFO - Loaded configuration: {'theme': {'type': 'color', 'color': '#000000', 'wallpaper': None, 'taskbar_color': '#c0c0c0', 'window_title_color': '#000080'}, 'system': {'startup_sound': 'false', 'enable_sounds': 'false', 'show_clock': 'true', 'auto_hide_windows_taskbar': 'true'}}
2026-06-10 15:20:23,377 - INFO - Windows taskbar hidden
2026-06-10 15:20:23,377 - INFO - System settings applied: sounds=False, clock=True, auto_hide_taskbar=True
2026-06-10 15:20:23,377 - INFO - Looking for config file at: C:\Users\Jonathan\EazyOS\OS\boot\safemode\OS\eazyos_config.json
2026-06-10 15:20:23,378 - INFO - Config file found, loading...
2026-06-10 15:20:23,378 - INFO - Loaded configuration: {'theme': {'type': 'color', 'color': '#000000', 'wallpaper': None, 'taskbar_color': '#c0c0c0', 'window_title_color': '#000080'}, 'system': {'startup_sound': 'false', 'enable_sounds': 'false', 'show_clock': 'true', 'auto_hide_windows_taskbar': 'true'}}
2026-06-10 15:20:23,378 - INFO - EazyOS Desktop initialized successfully
2026-06-10 15:20:23,383 - INFO - Windows taskbar restored
2026-06-10 15:20:23,383 - CRITICAL - Fatal error: [WinError 3] The system cannot find the path specified: 'boot//safemode//OS//'
Traceback (most recent call last):
  File "C:\Users\Jonathan\EazyOS\OS\boot\safemode\OS\OS.py", line 956, in <module>
    desktop.run()
    ~~~~~~~~~~~^^
  File "C:\Users\Jonathan\EazyOS\OS\boot\safemode\OS\OS.py", line 943, in run
    os.chdir("boot//safemode//OS//")
    ~~~~~~~~^^^^^^^^^^^^^^^^^^^^^^^^
FileNotFoundError: [WinError 3] The system cannot find the path specified: 'boot//safemode//OS//'
2026-06-10 15:20:23,476 - INFO - Loading saved theme...
2026-06-10 15:20:23,476 - INFO - Looking for config file at: C:\Users\Jonathan\EazyOS\OS\boot\safemode\OS\eazyos_config.json
2026-06-10 15:20:23,476 - INFO - Config file found, loading...
2026-06-10 15:20:23,477 - INFO - Loaded configuration: {'theme': {'type': 'color', 'color': '#000000', 'wallpaper': None, 'taskbar_color': '#c0c0c0', 'window_title_color': '#000080'}, 'system': {'startup_sound': 'false', 'enable_sounds': 'false', 'show_clock': 'true', 'auto_hide_windows_taskbar': 'true'}}
2026-06-10 15:20:23,477 - INFO - Applied background color: #000000
2026-06-10 15:20:23,478 - INFO - apply_from_config: type=color, taskbar=#c0c0c0, title_bar=#000080
2026-06-10 15:29:13,413 - INFO - Looking for config file at: C:\Users\Jonathan\EazyOS\OS\boot\safemode\OS\eazyos_config.json
2026-06-10 15:29:13,413 - INFO - Config file found, loading...
2026-06-10 15:29:13,413 - INFO - Loaded configuration: {'theme': {'type': 'color', 'color': '#000000', 'wallpaper': None, 'taskbar_color': '#c0c0c0', 'window_title_color': '#000080'}, 'system': {'startup_sound': 'false', 'enable_sounds': 'false', 'show_clock': 'true', 'auto_hide_windows_taskbar': 'true'}}
2026-06-10 15:29:13,414 - WARNING - BIOS system file not found: bios.py
2026-06-10 15:29:13,427 - INFO - Looking for config file at: C:\Users\Jonathan\EazyOS\OS\boot\safemode\OS\eazyos_config.json
2026-06-10 15:29:13,428 - INFO - Config file found, loading...
2026-06-10 15:29:13,428 - INFO - Loaded configuration: {'theme': {'type': 'color', 'color': '#000000', 'wallpaper': None, 'taskbar_color': '#c0c0c0', 'window_title_color': '#000080'}, 'system': {'startup_sound': 'false', 'enable_sounds': 'false', 'show_clock': 'true', 'auto_hide_windows_taskbar': 'true'}}
2026-06-10 15:29:13,429 - INFO - Windows taskbar hidden
2026-06-10 15:29:13,430 - INFO - System settings applied: sounds=False, clock=True, auto_hide_taskbar=True
2026-06-10 15:29:13,430 - INFO - Looking for config file at: C:\Users\Jonathan\EazyOS\OS\boot\safemode\OS\eazyos_config.json
2026-06-10 15:29:13,430 - INFO - Config file found, loading...
2026-06-10 15:29:13,430 - INFO - Loaded configuration: {'theme': {'type': 'color', 'color': '#000000', 'wallpaper': None, 'taskbar_color': '#c0c0c0', 'window_title_color': '#000080'}, 'system': {'startup_sound': 'false', 'enable_sounds': 'false', 'show_clock': 'true', 'auto_hide_windows_taskbar': 'true'}}
2026-06-10 15:29:13,431 - INFO - EazyOS Desktop initialized successfully
2026-06-10 15:29:13,434 - INFO - Windows taskbar restored
2026-06-10 15:29:13,435 - CRITICAL - Fatal error: [WinError 3] The system cannot find the path specified: 'boot//safemode//OS//'
Traceback (most recent call last):
  File "C:\Users\Jonathan\EazyOS\OS\boot\safemode\OS\OS.py", line 956, in <module>
    desktop.run()
    ~~~~~~~~~~~^^
  File "C:\Users\Jonathan\EazyOS\OS\boot\safemode\OS\OS.py", line 943, in run
    os.chdir("boot//safemode//OS//")
    ~~~~~~~~^^^^^^^^^^^^^^^^^^^^^^^^
FileNotFoundError: [WinError 3] The system cannot find the path specified: 'boot//safemode//OS//'
2026-06-10 15:29:13,528 - INFO - Loading saved theme...
2026-06-10 15:29:13,528 - INFO - Looking for config file at: C:\Users\Jonathan\EazyOS\OS\boot\safemode\OS\eazyos_config.json
2026-06-10 15:29:13,528 - INFO - Config file found, loading...
2026-06-10 15:29:13,528 - INFO - Loaded configuration: {'theme': {'type': 'color', 'color': '#000000', 'wallpaper': None, 'taskbar_color': '#c0c0c0', 'window_title_color': '#000080'}, 'system': {'startup_sound': 'false', 'enable_sounds': 'false', 'show_clock': 'true', 'auto_hide_windows_taskbar': 'true'}}
2026-06-10 15:29:13,529 - INFO - Applied background color: #000000
2026-06-10 15:29:13,529 - INFO - apply_from_config: type=color, taskbar=#c0c0c0, title_bar=#000080
