2026-05-27 21:12:11,453 - INFO - Credentials loaded for user: jon1
2026-05-27 21:12:11,456 - INFO - Login window initialized
2026-05-27 21:12:16,705 - WARNING - Failed login attempt for user: jon1
2026-05-27 21:12:17,890 - INFO - Playing sound: CHORD.wav
2026-05-27 21:12:22,266 - INFO - Login successful for user: jon1
2026-05-27 21:12:23,277 - INFO - Playing sound: DING.wav
2026-06-08 07:37:48,659 - INFO - Credentials loaded for user: jon1
2026-06-08 07:37:48,680 - INFO - Login window initialized
2026-06-08 07:37:53,677 - WARNING - Failed login attempt for user: 
2026-06-08 07:37:54,908 - INFO - Playing sound: CHORD.wav
2026-06-08 07:38:22,555 - WARNING - Failed login attempt for user: 
2026-06-08 07:38:23,758 - INFO - Playing sound: CHORD.wav
2026-06-08 07:38:24,775 - INFO - Login window closed
2026-06-08 07:38:30,102 - INFO - Credentials loaded for user: 
2026-06-08 07:38:30,106 - INFO - Login window initialized
2026-06-08 07:38:31,539 - INFO - Login successful for user: 
2026-06-08 07:38:32,620 - INFO - Playing sound: DING.wav
2026-06-08 17:50:25,646 - INFO - Credentials loaded for user: 
2026-06-08 17:50:25,651 - INFO - Login window initialized
2026-06-08 17:50:30,757 - INFO - Login successful for user: 
2026-06-09 18:05:31,772 - INFO - Credentials loaded for user: uwu
2026-06-09 18:05:31,776 - INFO - Login window initialized
2026-06-09 18:05:36,871 - INFO - Login successful for user: uwu
2026-06-09 18:05:37,960 - INFO - Playing sound: DING.wav
2026-06-09 18:19:00,446 - INFO - Credentials loaded for user: 
2026-06-09 18:19:00,453 - INFO - Login window initialized
2026-06-09 18:19:02,585 - INFO - Login successful for user: 
2026-06-09 18:19:03,648 - INFO - Playing sound: DING.wav
2026-06-09 20:23:46,316 - INFO - Credentials loaded for user: 
2026-06-09 20:23:46,320 - INFO - Login window initialized
2026-06-09 20:23:48,542 - INFO - Login successful for user: 
2026-06-09 20:23:49,557 - INFO - Playing sound: DING.wav
2026-06-09 21:41:12,344 - INFO - Credentials loaded for user: 
2026-06-09 21:41:12,352 - INFO - Login window initialized
2026-06-09 21:41:15,945 - INFO - Login successful for user: 
2026-06-09 21:41:16,941 - INFO - Playing sound: DING.wav
2026-06-09 22:57:02,179 - INFO - Credentials loaded for user: 
2026-06-09 22:57:02,183 - INFO - Login window initialized
2026-06-09 22:57:06,694 - INFO - Login successful for user: 
2026-06-09 22:57:07,764 - INFO - Playing sound: DING.wav
2026-06-09 22:59:26,874 - INFO - Credentials loaded for user: 
2026-06-09 22:59:26,877 - INFO - Login window initialized
2026-06-09 22:59:32,014 - INFO - Login successful for user: 
2026-06-09 22:59:33,010 - INFO - Playing sound: DING.wav
2026-06-09 23:10:54,918 - INFO - Credentials loaded for user: 
2026-06-09 23:10:54,921 - INFO - Login window initialized
2026-06-09 23:10:59,350 - INFO - Login successful for user: 
2026-06-10 07:07:48,586 - INFO - Credentials loaded for user: 
2026-06-10 07:07:48,590 - INFO - Login window initialized
2026-06-10 07:07:50,979 - INFO - Login successful for user: 
2026-06-10 07:11:19,027 - INFO - Credentials loaded for user: 
2026-06-10 07:11:19,030 - INFO - Login window initialized
2026-06-10 07:11:23,048 - INFO - Login successful for user: 
2026-06-10 07:12:52,683 - INFO - Credentials loaded for user: 
2026-06-10 07:12:52,686 - INFO - Login window initialized
2026-06-10 07:12:54,872 - INFO - Login successful for user: 
2026-06-10 07:14:22,184 - INFO - Credentials loaded for user: 
2026-06-10 07:14:22,188 - INFO - Login window initialized
2026-06-10 07:14:24,343 - INFO - Login successful for user: 
2026-06-10 07:15:02,055 - INFO - Credentials loaded for user: 
2026-06-10 07:15:02,058 - INFO - Login window initialized
2026-06-10 07:15:04,324 - INFO - Login successful for user: 
2026-06-10 07:21:10,355 - INFO - Credentials loaded for user: 
2026-06-10 07:21:10,359 - INFO - Login window initialized
2026-06-10 07:21:12,465 - INFO - Login successful for user: 
2026-06-10 07:22:31,133 - INFO - Credentials loaded for user: 
2026-06-10 07:22:31,137 - INFO - Login window initialized
2026-06-10 07:22:32,787 - INFO - Login successful for user: 
2026-06-10 07:23:22,660 - INFO - Credentials loaded for user: 
2026-06-10 07:23:22,663 - INFO - Login window initialized
2026-06-10 07:23:24,793 - INFO - Login successful for user: 
2026-06-10 07:30:56,050 - INFO - Credentials loaded for user: 
2026-06-10 07:30:56,053 - INFO - Login window initialized
2026-06-10 07:30:57,545 - INFO - Login successful for user: 
2026-06-10 07:34:16,663 - INFO - Credentials loaded for user: 
2026-06-10 07:34:16,667 - INFO - Login window initialized
2026-06-10 07:34:18,708 - INFO - Login successful for user: 
2026-06-10 07:34:50,856 - INFO - Credentials loaded for user: 
2026-06-10 07:34:50,859 - INFO - Login window initialized
2026-06-10 07:39:27,551 - INFO - Credentials loaded for user: 
2026-06-10 07:39:27,554 - INFO - Login window initialized
2026-06-10 07:39:28,798 - INFO - Login successful for user: 
2026-06-10 07:40:29,300 - INFO - Credentials loaded for user: 
2026-06-10 07:40:29,305 - INFO - Login window initialized
2026-06-10 07:40:30,486 - INFO - Login successful for user: 
2026-06-10 07:42:38,439 - INFO - Credentials loaded for user: 
2026-06-10 07:42:38,442 - INFO - Login window initialized
2026-06-10 07:42:39,753 - INFO - Login successful for user: 
2026-06-10 07:47:15,951 - INFO - Credentials loaded for user: 
2026-06-10 07:47:15,955 - INFO - Login window initialized
2026-06-10 07:47:17,758 - INFO - Login successful for user: 
2026-06-10 07:50:30,726 - INFO - Credentials loaded for user: 
2026-06-10 07:50:30,730 - INFO - Login window initialized
2026-06-10 07:50:32,426 - INFO - Login successful for user: 
2026-06-10 07:52:59,105 - INFO - Credentials loaded for user: 
2026-06-10 07:52:59,108 - INFO - Login window initialized
2026-06-10 07:53:00,257 - INFO - Login successful for user: 
2026-06-10 07:54:05,077 - INFO - Credentials loaded for user: 
2026-06-10 07:54:05,082 - INFO - Login window initialized
2026-06-10 07:54:06,575 - INFO - Login successful for user: 
2026-06-10 15:20:41,975 - INFO - Credentials loaded for user: 
2026-06-10 15:20:41,978 - INFO - Login window initialized
2026-06-10 15:20:43,868 - INFO - Login successful for user: 
2026-06-10 15:29:29,523 - INFO - Credentials loaded for user: 
2026-06-10 15:29:29,526 - INFO - Login window initialized
2026-06-10 15:29:32,907 - INFO - Login successful for user: 
2026-06-10 15:30:54,062 - INFO - Credentials loaded for user: 
2026-06-10 15:30:54,066 - INFO - Login window initialized
2026-06-10 15:30:56,644 - INFO - Login successful for user: 
2026-06-10 15:31:15,474 - INFO - Credentials loaded for user: 
2026-06-10 15:31:15,478 - INFO - Login window initialized
2026-06-10 15:31:17,747 - INFO - Login successful for user: 
2026-06-10 15:34:34,930 - INFO - Credentials loaded for user: 
2026-06-10 15:34:34,934 - INFO - Login window initialized
2026-06-10 15:34:37,192 - INFO - Login successful for user: 
2026-06-10 15:35:21,918 - INFO - Credentials loaded for user: 
2026-06-10 15:35:21,922 - INFO - Login window initialized
2026-06-10 15:35:23,694 - INFO - Login successful for user: 
2026-06-10 15:37:48,156 - INFO - Credentials loaded for user: 
2026-06-10 15:37:48,160 - INFO - Login window initialized
2026-06-10 15:37:49,410 - INFO - Login successful for user: 
2026-06-10 15:40:09,428 - INFO - Credentials loaded for user: 
2026-06-10 15:40:09,432 - INFO - Login window initialized
2026-06-10 15:40:11,383 - INFO - Login successful for user: 
2026-06-10 15:41:17,861 - INFO - Credentials loaded for user: 
2026-06-10 15:41:17,865 - INFO - Login window initialized
2026-06-10 15:41:20,971 - INFO - Login successful for user: 
2026-06-10 15:41:43,185 - INFO - Credentials loaded for user: 
2026-06-10 15:41:43,200 - INFO - Login window initialized
2026-06-10 15:41:55,821 - INFO - Login successful for user: 
2026-06-10 15:41:56,827 - INFO - Playing sound: DING.wav
2026-06-10 16:19:58,185 - INFO - Credentials loaded for user: 
2026-06-10 16:19:58,196 - INFO - Login window initialized
2026-06-10 16:20:01,737 - INFO - Login successful for user: 
2026-06-10 16:20:02,802 - INFO - Playing sound: DING.wav
2026-06-13 19:34:09,502 - INFO - Credentials loaded for user: 
2026-06-13 19:34:09,511 - INFO - Login window initialized
2026-06-13 19:34:11,325 - INFO - Login successful for user: 
2026-06-13 19:34:12,346 - INFO - Playing sound: DING.wav
